
ÔöÇÔöÇ Bloque 1: autoDetectTemplateKey ÔöÇÔöÇÔöÇÔöÇÔöÇÔöÇÔöÇÔöÇÔöÇÔöÇÔöÇÔöÇÔöÇÔöÇÔöÇÔöÇÔöÇÔöÇÔöÇÔöÇÔöÇÔöÇÔöÇÔöÇÔöÇÔöÇÔöÇÔöÇÔöÇ
  Ô£à  Detecta cinecoronariograf├¡a correctamente (clave cinecoro)
  Ô£à  Detecta laringoscop├¡a correctamente
  Ô£à  Detecta espirometr├¡a correctamente
  Ô£à  Detecta topograf├¡a corneal correctamente
  Ô£à  Texto gen├®rico ÔåÆ retorna generico (no plantilla incorrecta)
  Ô£à  Detecta eco-stress correctamente
  Ô£à  Ecocardiograma transtor├ícico no matchea plantilla incorrecta
  Ô£à  Detecta colonoscop├¡a correctamente
  Ô£à  Laringoscop├¡a NO se confunde con topograf├¡a corneal
  Ô£à  Topograf├¡a corneal NO se confunde con laringoscop├¡a

ÔöÇÔöÇ Bloque 2: markdownToHtml ÔöÇÔöÇÔöÇÔöÇÔöÇÔöÇÔöÇÔöÇÔöÇÔöÇÔöÇÔöÇÔöÇÔöÇÔöÇÔöÇÔöÇÔöÇÔöÇÔöÇÔöÇÔöÇÔöÇÔöÇÔöÇÔöÇÔöÇÔöÇÔöÇÔöÇÔöÇÔöÇÔöÇÔöÇÔöÇÔöÇÔöÇ
  Ô£à  markdownToHtml genera h1 para # titulo
  Ô£à  markdownToHtml genera h2 para ## secci├│n
  Ô£à  markdownToHtml agrupa hallazgos en p├írrafo fluido
  Ô£à  markdownToHtml capitaliza primer car├ícter del p├írrafo
  Ô£à  markdownToHtml envuelve [No especificado] en span.no-data-field
  Ô£à  markdownToHtml procesa cinecoronariograf├¡a sin errores
  Ô£à  markdownToHtml no genera p├írrafos vac├¡os

ÔöÇÔöÇ Bloque 3: Registro de pacientes ÔöÇÔöÇÔöÇÔöÇÔöÇÔöÇÔöÇÔöÇÔöÇÔöÇÔöÇÔöÇÔöÇÔöÇÔöÇÔöÇÔöÇÔöÇÔöÇÔöÇÔöÇÔöÇÔöÇÔöÇÔöÇÔöÇÔöÇÔöÇÔöÇ
  Ô£à  savePatientToRegistry guarda un paciente nuevo
  Ô£à  savePatientToRegistry actualiza paciente existente por DNI
  Ô£à  savePatientToRegistry agrega segundo paciente distinto
  Ô£à  searchPatientRegistry encuentra por apellido parcial
  Ô£à  searchPatientRegistry encuentra por DNI parcial
  Ô£à  searchPatientRegistry devuelve vac├¡o para query sin coincidencias
  Ô£à  savePatientToRegistry no guarda paciente sin nombre

ÔöÇÔöÇ Bloque 4: Flujo completo simulado ÔöÇÔöÇÔöÇÔöÇÔöÇÔöÇÔöÇÔöÇÔöÇÔöÇÔöÇÔöÇÔöÇÔöÇÔöÇÔöÇÔöÇÔöÇÔöÇÔöÇÔöÇÔöÇÔöÇÔöÇÔöÇÔöÇÔöÇ
  Ô£à  Flujo cinecoronariograf├¡a: texto ÔåÆ detecci├│n ÔåÆ plantilla correcta
  Ô£à  Flujo texto gen├®rico: no usa plantilla espec├¡fica
  Ô£à  markdownToHtml produce HTML v├ílido para resultado de cinecoronariograf├¡a

ÔöÇÔöÇ Bloque 5: classifyStructError ÔöÇÔöÇÔöÇÔöÇÔöÇÔöÇÔöÇÔöÇÔöÇÔöÇÔöÇÔöÇÔöÇÔöÇÔöÇÔöÇÔöÇÔöÇÔöÇÔöÇÔöÇÔöÇÔöÇÔöÇÔöÇÔöÇÔöÇÔöÇÔöÇÔöÇÔöÇ
  Ô£à  401 ÔåÆ type auth, no espera, no cambia modelo
  Ô£à  invalid_api_key en mensaje ÔåÆ type auth
  Ô£à  429 ÔåÆ type rate_limit, espera 8s, mismo modelo
  Ô£à  503 ÔåÆ type server_error, cambia modelo inmediatamente
  Ô£à  504 ÔåÆ type server_error, cambia modelo
  Ô£à  TypeError (failed to fetch) ÔåÆ type network
  Ô£à  NetworkError string ÔåÆ type network
  Ô£à  Error desconocido ÔåÆ type unknown, sin cambio de modelo

ÔöÇÔöÇ Bloque 6: GROQ_MODELS y structureTranscription ÔöÇÔöÇÔöÇÔöÇÔöÇÔöÇÔöÇÔöÇÔöÇÔöÇÔöÇÔöÇÔöÇÔöÇ
  Ô£à  GROQ_MODELS[0] es llama-3.3-70b-versatile
  Ô£à  GROQ_MODELS[1] es llama-3.1-70b-versatile
  Ô£à  GROQ_MODELS[2] es llama-3.1-8b-instant (no m├ís mixtral deprecado)
  Ô£à  GROQ_MODELS tiene exactamente 3 entradas

ÔöÇÔöÇ Bloque 7: structureWithRetry (fetch simulado) ÔöÇÔöÇÔöÇÔöÇÔöÇÔöÇÔöÇÔöÇÔöÇÔöÇÔöÇÔöÇÔöÇÔöÇÔöÇ
  Ô£à  structureTranscription lanza HTTP_401 cuando no hay API key
  Ô£à  structureWithRetry se detiene en el 1er intento con error 401 (sin reintentar)
  Ô£à  structureWithRetry guarda en cola con error de red (sin reintentar)
  Ô£à  structureWithRetry tiene ├®xito en el 2do intento (1er falla con 503)
  Ô£à  structureWithRetry con 429 reintenta mismo modelo y luego tiene ├®xito
  Ô£à  structureWithRetry: todos fallan ÔåÆ savedToPending + texto en cola

ÔöÇÔöÇ Bloque 8: Cola de pendientes (struct_pending_queue) ÔöÇÔöÇÔöÇÔöÇÔöÇÔöÇÔöÇÔöÇÔöÇ
  Ô£à  addToStructurePendingQueue guarda una entrada con todos los campos
  Ô£à  addToStructurePendingQueue inserta al inicio (m├ís reciente primero)
  Ô£à  addToStructurePendingQueue no supera 10 entradas
  Ô£à  removeFromStructurePendingQueue elimina por id
  Ô£à  getStructurePendingQueue retorna [] si localStorage est├í vac├¡o o corrupto

ÔöÇÔöÇ Bloque 9: G2 ÔÇö patientHistory ÔåÆ patientRegistry unificado ÔöÇÔöÇ
  Ô£à  G2 ÔÇö savePatientToHistory es funci├│n definida (alias)
  Ô£à  G2 ÔÇö savePatientToHistory delega a patientRegistry
  Ô£à  G2 ÔÇö savePatientToHistory NO escribe en patient_history
  Ô£à  G2 ÔÇö migraci├│n autom├ítica de datos viejos al arrancar
  Ô£à  G2 ÔÇö no duplica al migrar paciente que ya existe en registry
  Ô£à  G2 ÔÇö populatePatientDatalist es funci├│n definida (no explota)
  Ô£à  G2 ÔÇö b├║squeda en searchPatientRegistry funciona con datos migrados

ÔöÇÔöÇ Bloque 10: D1-D4 ÔÇö Nuevas plantillas ÔöÇÔöÇÔöÇÔöÇÔöÇÔöÇÔöÇÔöÇÔöÇÔöÇÔöÇÔöÇÔöÇÔöÇÔöÇÔöÇÔöÇÔöÇÔöÇÔöÇÔöÇÔöÇÔöÇÔöÇ
  Ô£à  D1 ÔÇö Plantilla ETT existe y tiene todos los campos
  Ô£à  D2 ÔÇö Plantilla Eco Doppler vascular existe
  Ô£à  D3 ÔÇö Plantilla Nota de evoluci├│n existe
  Ô£à  D4 ÔÇö Plantilla Epicrisis existe con keywords
  Ô£à  D1 ÔÇö autoDetect reconoce texto de ETT
  Ô£à  D2 ÔÇö autoDetect reconoce texto de Eco Doppler
  Ô£à  D4 ÔÇö autoDetect reconoce texto de Epicrisis
  Ô£à  D1-D4 ÔÇö Todas las plantillas est├ín en TEMPLATE_CATEGORIES

ÔöÇÔöÇ Bloque 11: E1 ÔÇö Toast plantilla detectada ÔöÇÔöÇÔöÇÔöÇÔöÇÔöÇÔöÇÔöÇÔöÇÔöÇÔöÇÔöÇÔöÇÔöÇÔöÇÔöÇÔöÇÔöÇÔöÇÔöÇ
  Ô£à  E1 ÔÇö promptTemplateSelection es funci├│n interna cargada
  Ô£à  E1 ÔÇö autoDetectTemplateKey retorna string v├ílido

ÔöÇÔöÇ Bloque 12: K1/K2/K3 ÔÇö API Key + Contact ÔöÇÔöÇÔöÇÔöÇÔöÇÔöÇÔöÇÔöÇÔöÇÔöÇÔöÇÔöÇÔöÇÔöÇÔöÇÔöÇÔöÇÔöÇÔöÇÔöÇÔöÇ
  Ô£à  K3 ÔÇö initContact es funci├│n definida
  Ô£à  K1/K2 ÔÇö CLIENT_CONFIG estructura v├ílida

ÔöÇÔöÇ Bloque 13: PWA ÔÇö manifest + SW + ├¡conos ÔöÇÔöÇÔöÇÔöÇÔöÇÔöÇÔöÇÔöÇÔöÇÔöÇÔöÇÔöÇÔöÇÔöÇÔöÇÔöÇÔöÇÔöÇÔöÇÔöÇÔöÇÔöÇ
  Ô£à  PWA1 ÔÇö manifest.json es JSON v├ílido con campos obligatorios
  Ô£à  PWA1 ÔÇö manifest.json declara ├¡conos 192 y 512
  Ô£à  PWA2 ÔÇö sw.js existe y tiene estrategia Cache-First
  Ô£à  PWA2 ÔÇö sw.js excluye Groq API del cache
  Ô£à  PWA4 ÔÇö ├ìconos 192x192 y 512x512 existen como archivos

ÔöÇÔöÇ Bloque 14: A1+A2 ÔÇö Formato s/p en plantillas ÔöÇÔöÇÔöÇÔöÇÔöÇÔöÇÔöÇÔöÇÔöÇÔöÇÔöÇÔöÇÔöÇÔöÇÔöÇÔöÇ
  Ô£à  A1 ÔÇö ecografia_abdominal usa formato por ├│rgano con s/p
  Ô£à  A1 ÔÇö gastroscopia usa formato por segmento con s/p
  Ô£à  A2 ÔÇö prompt del structurer menciona multi-├│rgano
  Ô£à  A2 ÔÇö colonoscopia tiene formato por segmento

ÔöÇÔöÇ Bloque 15: B1/C1/C2 ÔÇö Modal edici├│n de campo ÔöÇÔöÇÔöÇÔöÇÔöÇÔöÇÔöÇÔöÇÔöÇÔöÇÔöÇÔöÇÔöÇÔöÇÔöÇÔöÇ
  Ô£à  B1/C1/C2 ÔÇö editor.js contiene editFieldModal l├│gica

ÔöÇÔöÇ Bloque 16: index.html ÔÇö integridad estructural ÔöÇÔöÇÔöÇÔöÇÔöÇÔöÇÔöÇÔöÇÔöÇÔöÇÔöÇÔöÇÔöÇÔöÇÔöÇ
  Ô£à  index.html ÔÇö todos los <script> tienen su </script> de cierre
  Ô£à  index.html ÔÇö onboardingOverlay existe (K1)
  Ô£à  index.html ÔÇö btnInstallPwa existe (PWA3)
  Ô£à  index.html ÔÇö btnResetApp existe (admin reset)
  Ô£à  index.html ÔÇö contactModalOverlay existe (K3)
  Ô£à  index.html ÔÇö editFieldModal existe (B1/C1/C2)
  Ô£à  index.html ÔÇö registryPanelOverlay existe (G1)
  Ô£à  index.html ÔÇö manifest.json est├í vinculado
  Ô£à  index.html ÔÇö SW se registra

ÔöÇÔöÇ Bloque 17: admin.html ÔÇö Sin caracteres ilegales ÔöÇÔöÇÔöÇÔöÇÔöÇÔöÇÔöÇÔöÇÔöÇÔöÇÔöÇÔöÇÔöÇÔöÇ
  Ô£à  admin.html ÔÇö No contiene U+2500 fuera de comentarios JS

ÔöÇÔöÇ Bloque 18: formHandler ÔÇö extract + report number ÔöÇÔöÇÔöÇÔöÇÔöÇÔöÇÔöÇÔöÇÔöÇÔöÇÔöÇÔöÇÔöÇ
  Ô£à  extractPatientDataFromText extrae nombre del paciente
  Ô£à  extractPatientDataFromText extrae DNI
  Ô£à  extractPatientDataFromText extrae edad
  Ô£à  extractPatientDataFromText extrae sexo
  Ô£à  generateReportNumber genera formato YYYY-NNNN
  Ô£à  generateReportNumber incrementa secuencialmente

ÔöÇÔöÇ Bloque 19: Flujo Pro ÔÇö State Machine + Buttons ÔöÇÔöÇÔöÇÔöÇÔöÇÔöÇÔöÇÔöÇÔöÇÔöÇÔöÇÔöÇÔöÇÔöÇÔöÇÔöÇ
  Ô£à  State Machine ÔÇö IDLE: todos los botones de acci├│n ocultos/deshabilitados
  Ô£à  State Machine ÔÇö FILES_LOADED: a├║n sin botones de acci├│n post-transcripci├│n
  Ô£à  State Machine ÔÇö TRANSCRIBED Pro: btnStructureAI visible, botonera activa
  Ô£à  State Machine ÔÇö TRANSCRIBED Normal: applyTemplate visible, btnStructureAI oculto
  Ô£à  State Machine ÔÇö STRUCTURED Pro: btnStructureAI oculto, downloadPdfBtn visible
  Ô£à  State Machine ÔÇö PREVIEWED Pro: todo visible/activo como STRUCTURED
  Ô£à  State Machine ÔÇö transcribeAndStructureBtn visible solo en Pro
  Ô£à  State Machine ÔÇö transcribeAndStructureBtn sync disabled con transcribeBtn

ÔöÇÔöÇ Bloque 20: Flag _shouldAutoStructure ÔöÇÔöÇÔöÇÔöÇÔöÇÔöÇÔöÇÔöÇÔöÇÔöÇÔöÇÔöÇÔöÇÔöÇÔöÇÔöÇÔöÇÔöÇÔöÇÔöÇÔöÇÔöÇÔöÇÔöÇ
  Ô£à  _shouldAutoStructure flag ÔÇö inicia en false
  Ô£à  _shouldAutoStructure flag ÔÇö se puede setear y resetear

ÔöÇÔöÇ Bloque 21: triggerPatientDataCheck ÔöÇÔöÇÔöÇÔöÇÔöÇÔöÇÔöÇÔöÇÔöÇÔöÇÔöÇÔöÇÔöÇÔöÇÔöÇÔöÇÔöÇÔöÇÔöÇÔöÇÔöÇÔöÇÔöÇÔöÇÔöÇÔöÇ
  Ô£à  triggerPatientDataCheck limpia datos del paciente anterior
  Ô£à  triggerPatientDataCheck extrae nombre del audio y lo guarda
  Ô£à  triggerPatientDataCheck sin datos ÔåÆ no guarda nombre

ÔöÇÔöÇ Bloque 22: Pipeline detecci├│n ÔåÆ structuring ÔöÇÔöÇÔöÇÔöÇÔöÇÔöÇÔöÇÔöÇÔöÇÔöÇÔöÇÔöÇÔöÇÔöÇÔöÇÔöÇÔöÇÔöÇ
  Ô£à  Pipeline: texto de cinecoro ÔåÆ detecta plantilla ÔåÆ tiene prompt
  Ô£à  Pipeline: texto de eco_stress ÔåÆ detecta plantilla ÔåÆ prompt existe
  Ô£à  Pipeline: todas las plantillas tienen nombre, prompt, keywords
  Ô£à  Pipeline: markdownToHtml marca [No especificado] como editable
  Ô£à  Pipeline: markdownToHtml marca [Sin datos disponibles] como editable
  Ô£à  Pipeline: markdownToHtml marca [No evaluado] como editable

ÔöÇÔöÇ Bloque 23: Toggle original/estructurado ÔöÇÔöÇÔöÇÔöÇÔöÇÔöÇÔöÇÔöÇÔöÇÔöÇÔöÇÔöÇÔöÇÔöÇÔöÇÔöÇÔöÇÔöÇÔöÇÔöÇ
  Ô£à  Toggle: _lastRawTranscription se preserva globalmente
  Ô£à  Toggle: _lastStructuredHTML se preserva globalmente

ÔöÇÔöÇ Bloque 24: Advertencia descarga sin paciente ÔöÇÔöÇÔöÇÔöÇÔöÇÔöÇÔöÇÔöÇÔöÇÔöÇÔöÇÔöÇÔöÇÔöÇÔöÇÔöÇ
  Ô£à  Descarga: pdf_config sin patientName ÔåÆ se detecta vac├¡o
  Ô£à  Descarga: pdf_config con patientName ÔåÆ no necesita advertencia

ÔöÇÔöÇ Bloque 25: Quick options modal edici├│n ÔöÇÔöÇÔöÇÔöÇÔöÇÔöÇÔöÇÔöÇÔöÇÔöÇÔöÇÔöÇÔöÇÔöÇÔöÇÔöÇÔöÇÔöÇÔöÇÔöÇÔöÇÔöÇ
  Ô£à  Quick options: index.html contiene s/p, Sin particularidades, No evaluado
  Ô£à  Quick options: index.html tiene bot├│n Eliminar campo
  Ô£à  Quick options: index.html tiene bot├│n Dejar en blanco

ÔöÇÔöÇ Bloque 26: Botones Transcribir separados ÔöÇÔöÇÔöÇÔöÇÔöÇÔöÇÔöÇÔöÇÔöÇÔöÇÔöÇÔöÇÔöÇÔöÇÔöÇÔöÇÔöÇÔöÇÔöÇÔöÇ
  Ô£à  index.html tiene bot├│n transcribeBtn
  Ô£à  index.html tiene bot├│n transcribeAndStructureBtn
  Ô£à  transcriptor.js setea _shouldAutoStructure en click de T+S
  Ô£à  transcriptor.js auto-pipeline solo corre con shouldAutoStructureNow
  Ô£à  stateManager.js oculta T+S btn en Normal mode

ÔöÇÔöÇ Bloque 27: API Key collapse ÔöÇÔöÇÔöÇÔöÇÔöÇÔöÇÔöÇÔöÇÔöÇÔöÇÔöÇÔöÇÔöÇÔöÇÔöÇÔöÇÔöÇÔöÇÔöÇÔöÇÔöÇÔöÇÔöÇÔöÇÔöÇÔöÇÔöÇÔöÇÔöÇÔöÇÔöÇÔöÇÔöÇÔöÇÔöÇ
  Ô£à  ui.js colapsa API key card cuando est├í conectada
  Ô£à  index.html tiene elementos con clase api-key-collapsible

ÔöÇÔöÇ Bloque 28: Patient placeholder banner ÔöÇÔöÇÔöÇÔöÇÔöÇÔöÇÔöÇÔöÇÔöÇÔöÇÔöÇÔöÇÔöÇÔöÇÔöÇÔöÇÔöÇÔöÇÔöÇÔöÇÔöÇÔöÇ
  Ô£à  structurer.js tiene insertPatientPlaceholder
  Ô£à  structurer.js tiene removePatientPlaceholder
  Ô£à  structurer.js NO abre modal autom├íticamente despu├®s de estructurar

ÔöÇÔöÇ Bloque 29: Eliminar campo (deleteFieldSection) ÔöÇÔöÇÔöÇÔöÇÔöÇÔöÇÔöÇÔöÇÔöÇÔöÇÔöÇÔöÇÔöÇÔöÇ
  Ô£à  editor.js contiene funci├│n deleteFieldSection
  Ô£à  editor.js: deleteFieldSection encuentra heading H2/H3

ÔöÇÔöÇ Bloque 30: Download warning sin datos paciente ÔöÇÔöÇÔöÇÔöÇÔöÇÔöÇÔöÇÔöÇÔöÇÔöÇÔöÇÔöÇÔöÇÔöÇ
  Ô£à  editor.js advierte al descargar sin datos del paciente

ÔöÇÔöÇ Bloque 31: Integridad archivos de c├│digo ÔöÇÔöÇÔöÇÔöÇÔöÇÔöÇÔöÇÔöÇÔöÇÔöÇÔöÇÔöÇÔöÇÔöÇÔöÇÔöÇÔöÇÔöÇÔöÇÔöÇ
  Ô£à  stateManager.js ÔÇö maneja todos los estados sin error
  Ô£à  Transici├│n flujo completo Pro: IDLE ÔåÆ FILES ÔåÆ TRANSCRIBED ÔåÆ STRUCTURED ÔåÆ PREVIEWED
  Ô£à  Transici├│n flujo completo Normal: IDLE ÔåÆ FILES ÔåÆ TRANSCRIBED ÔåÆ no STRUCTURED
  Ô£à  Cambio de modo ProÔåÆNormal actualiza botones correctamente

ÔöÇÔöÇ Bloque 32: Bot├│n Gemini + Vista comparativa ÔöÇÔöÇÔöÇÔöÇÔöÇÔöÇÔöÇÔöÇÔöÇÔöÇÔöÇÔöÇÔöÇÔöÇÔöÇÔöÇÔöÇÔöÇ
  Ô£à  index.html ÔÇö bot├│n T+S tiene clase btn-transcribe-structure
  Ô£à  CSS ÔÇö btn-transcribe-structure tiene animaci├│n Gemini
  Ô£à  CSS ÔÇö animaciones Gemini definidas en animations.css
  Ô£à  index.html ÔÇö bot├│n Comparar existe
  Ô£à  index.html ÔÇö comparisonContainer con paneles
  Ô£à  index.html ÔÇö botones copiar/imprimir en cada panel
  Ô£à  CSS ÔÇö estilos de comparison-container presentes
  Ô£à  ui.js ÔÇö l├│gica de comparaci├│n implementada
  Ô£à  State Machine ÔÇö btnCompareView oculto antes de STRUCTURED
  Ô£à  State Machine ÔÇö btnCompareView visible en STRUCTURED

ÔöÇÔöÇ Bloque 33: Restaurar sesi├│n + Modal confirm + Append record ÔöÇÔöÇ
  Ô£à  index.html ÔÇö bot├│n btnRestoreSession existe
  Ô£à  index.html ÔÇö modal customConfirmModal existe
  Ô£à  editor.js ÔÇö usa showCustomConfirm en vez de confirm()
  Ô£à  editor.js ÔÇö deleteFieldSection elimina nodos vac├¡os residuales
  Ô£à  index.html ÔÇö bot├│n btnAppendRecord existe (oculto en toolbar)
  Ô£à  ui.js ÔÇö l├│gica de append recording + inline button
  Ô£à  State Machine ÔÇö append inline invocado desde stateManager
  Ô£à  CSS ÔÇö bot├│n append inline oculto en @media print
  Ô£à  ui.js ÔÇö restoreAutoSave usa bot├│n btnRestoreSession

ÔöÇÔöÇ Bloque 34: Auditor├¡a ÔÇö CRITICAL fixes ÔöÇÔöÇÔöÇÔöÇÔöÇÔöÇÔöÇÔöÇÔöÇÔöÇÔöÇÔöÇÔöÇÔöÇÔöÇÔöÇÔöÇÔöÇÔöÇÔöÇÔöÇ
  Ô£à  CRITICAL: editor.js downloadFile Promise tiene resolve()
  Ô£à  CRITICAL: structurer.js optional chaining en data.choices
  Ô£à  CRITICAL: formHandler.js migraci├│n no borra datos si falla
  Ô£à  CRITICAL: patientRegistry.js incrementa visits correctamente
  Ô£à  CRITICAL: pdfMaker.js firma usa posiciones din├ímicas

ÔöÇÔöÇ Bloque 35: Auditor├¡a ÔÇö HIGH fixes ÔöÇÔöÇÔöÇÔöÇÔöÇÔöÇÔöÇÔöÇÔöÇÔöÇÔöÇÔöÇÔöÇÔöÇÔöÇÔöÇÔöÇÔöÇÔöÇÔöÇÔöÇÔöÇÔöÇÔöÇÔöÇ
  Ô£à  HIGH: audio.js usa mimeType din├ímico en grabaci├│n
  Ô£à  HIGH: audio.js revoca Object URL
  Ô£à  HIGH: audio.js tiene onerror handler
  Ô£à  HIGH: audio.js stop() con try/catch
  Ô£à  HIGH: editor.js HTTP validation (!res.ok)
  Ô£à  HIGH: editor.js no-data-field class correcta
  Ô£à  HIGH: editor.js undo guarda estado inicial
  Ô£à  HIGH: ui.js clipboard con .catch()
  Ô£à  HIGH: ui.js downloadFile guard correcto
  Ô£à  HIGH: ui.js typo "Guardar" (no "Gauardar")
  Ô£à  HIGH: ui.js showBlocker XSS safe
  Ô£à  HIGH: formHandler.js extractPatientDataFromText null guard
  Ô£à  HIGH: formHandler.js age 0 no es falsy
  Ô£à  HIGH: patientRegistry.js XSS ÔÇö sin onclick inline
  Ô£à  HIGH: business.js XSS ÔÇö escapa datos en HTML
  Ô£à  HIGH: structurer.js mutex autoStructure
  Ô£à  HIGH: structurer.js Notification guard

ÔöÇÔöÇ Bloque 36: Auditor├¡a ÔÇö MEDIUM fixes ÔöÇÔöÇÔöÇÔöÇÔöÇÔöÇÔöÇÔöÇÔöÇÔöÇÔöÇÔöÇÔöÇÔöÇÔöÇÔöÇÔöÇÔöÇÔöÇÔöÇÔöÇÔöÇÔöÇ
  Ô£à  MEDIUM: structurer.js markdownToHtml soporta listas numeradas
  Ô£à  MEDIUM: tabs.js closeTab guarda contenido
  Ô£à  MEDIUM: toast.js askJoinAudiosPromise tiene timeout
  Ô£à  MEDIUM: business.js FileReader tiene onerror
  Ô£à  MEDIUM: medDictionary.js optional chaining
  Ô£à  MEDIUM: ui.js doble-click append guard
  Ô£à  MEDIUM: ui.js autoSave JSON.parse try/catch
  Ô£à  MEDIUM: editor.js highlightText limpia marks previos
  Ô£à  MEDIUM: editor.js applyNormalTemplate tiene guard
  Ô£à  MEDIUM: transcriptor.js pipeline muestra warning en fallo
  Ô£à  MEDIUM: transcriptor.js limpia blob URLs
  Ô£à  MEDIUM: pdfMaker.js segundo p├ígina dibuja banner del lugar
  Ô£à  MEDIUM: pdfMaker.js _hexToRgb soporta hex corto
  Ô£à  MEDIUM: sw.js Groq fetch tiene .catch()
  Ô£à  MEDIUM: templates.js detectStudyType usa toLowerCase
  Ô£à  MEDIUM: audio.js formatSize soporta GB/TB
  Ô£à  MEDIUM: audio.js SVG path corregido
  Ô£à  CLEANED: transcriptor.js sin testGroqConnection muerto

ÔöÇÔöÇ Bloque 37: normalizeFieldText ÔöÇÔöÇÔöÇÔöÇÔöÇÔöÇÔöÇÔöÇÔöÇÔöÇÔöÇÔöÇÔöÇÔöÇÔöÇÔöÇÔöÇÔöÇÔöÇÔöÇÔöÇÔöÇÔöÇÔöÇÔöÇÔöÇÔöÇÔöÇ
  Ô£à  normalizeFieldText existe y es funci├│n
  Ô£à  normalizeFieldText modo sentence ÔÇö texto gen├®rico
  Ô£à  normalizeFieldText modo sentence ÔÇö respeta siglas m├®dicas
  Ô£à  normalizeFieldText modo sentence ÔÇö primera letra may├║scula tras punto
  Ô£à  normalizeFieldText modo name ÔÇö nombre y apellido
  Ô£à  normalizeFieldText modo name ÔÇö respeta preposiciones
  Ô£à  normalizeFieldText ÔÇö sigla corta no se toca
  Ô£à  normalizeFieldText ÔÇö texto vac├¡o/null retorna vac├¡o

ÔöÇÔöÇ Bloque 38: B├║squeda normalizada ÔöÇÔöÇÔöÇÔöÇÔöÇÔöÇÔöÇÔöÇÔöÇÔöÇÔöÇÔöÇÔöÇÔöÇÔöÇÔöÇÔöÇÔöÇÔöÇÔöÇÔöÇÔöÇÔöÇÔöÇÔöÇ
  Ô£à  b├║squeda insensible a may├║sculas
  Ô£à  b├║squeda insensible a acentos
  Ô£à  b├║squeda por DNI parcial
  Ô£à  b├║squeda multi-token (nombre + apellido)
  Ô£à  b├║squeda retorna vac├¡o si query < 2 caracteres

ÔöÇÔöÇ Bloque 39: _hexToRgb ÔöÇÔöÇÔöÇÔöÇÔöÇÔöÇÔöÇÔöÇÔöÇÔöÇÔöÇÔöÇÔöÇÔöÇÔöÇÔöÇÔöÇÔöÇÔöÇÔöÇÔöÇÔöÇÔöÇÔöÇÔöÇÔöÇÔöÇÔöÇÔöÇÔöÇÔöÇÔöÇÔöÇÔöÇÔöÇÔöÇÔöÇ
  Ô£à  _hexToRgb convierte hex de 6 d├¡gitos correctamente
  Ô£à  _hexToRgb convierte hex corto (#FFF) correctamente
  Ô£à  _hexToRgb convierte negro (#000000)
  Ô£à  _hexToRgb ÔÇö null retorna fallback azul
  Ô£à  _hexToRgb ÔÇö string vac├¡o retorna fallback
  Ô£à  _hexToRgb ÔÇö sin # retorna fallback

ÔöÇÔöÇ Bloque 40: escapeHtml ÔöÇÔöÇÔöÇÔöÇÔöÇÔöÇÔöÇÔöÇÔöÇÔöÇÔöÇÔöÇÔöÇÔöÇÔöÇÔöÇÔöÇÔöÇÔöÇÔöÇÔöÇÔöÇÔöÇÔöÇÔöÇÔöÇÔöÇÔöÇÔöÇÔöÇÔöÇÔöÇÔöÇÔöÇÔöÇÔöÇ
  Ô£à  escapeHtml escapa tags HTML
  Ô£à  escapeHtml escapa comillas y ampersand
  Ô£à  escapeHtml ÔÇö null retorna vac├¡o
  Ô£à  escapeHtml ÔÇö string vac├¡o retorna vac├¡o
  Ô£à  escapeHtml ÔÇö n├║mero se convierte a string

ÔöÇÔöÇ Bloque 41: _normStr ÔöÇÔöÇÔöÇÔöÇÔöÇÔöÇÔöÇÔöÇÔöÇÔöÇÔöÇÔöÇÔöÇÔöÇÔöÇÔöÇÔöÇÔöÇÔöÇÔöÇÔöÇÔöÇÔöÇÔöÇÔöÇÔöÇÔöÇÔöÇÔöÇÔöÇÔöÇÔöÇÔöÇÔöÇÔöÇÔöÇÔöÇÔöÇ
  Ô£à  _normStr quita acentos y pasa a min├║sculas
  Ô£à  _normStr maneja MAY├ÜSCULAS con acentos
  Ô£à  _normStr ÔÇö null retorna vac├¡o
  Ô£à  _normStr ÔÇö string vac├¡o retorna vac├¡o

ÔöÇÔöÇ Bloque 42: parseAIResponse ÔöÇÔöÇÔöÇÔöÇÔöÇÔöÇÔöÇÔöÇÔöÇÔöÇÔöÇÔöÇÔöÇÔöÇÔöÇÔöÇÔöÇÔöÇÔöÇÔöÇÔöÇÔöÇÔöÇÔöÇÔöÇÔöÇÔöÇÔöÇÔöÇÔöÇÔöÇ
  Ô£à  parseAIResponse separa body y nota correctamente
  Ô£à  parseAIResponse sin nota retorna note null
  Ô£à  parseAIResponse ÔÇö null retorna body vac├¡o y note null
  Ô£à  parseAIResponse ÔÇö string vac├¡o
  Ô£à  parseAIResponse detecta "Aclaraci├│n:" como nota

ÔöÇÔöÇ Bloque 43: evaluateConfigCompleteness ÔöÇÔöÇÔöÇÔöÇÔöÇÔöÇÔöÇÔöÇÔöÇÔöÇÔöÇÔöÇÔöÇÔöÇÔöÇÔöÇÔöÇÔöÇÔöÇÔöÇ
  ÔØî  evaluateConfigCompleteness ÔÇö sin datos retorna red
        ÔåÆ evaluateConfigCompleteness is not defined
  ÔØî  evaluateConfigCompleteness ÔÇö solo nombre retorna red (falta matricula)
        ÔåÆ evaluateConfigCompleteness is not defined
  ÔØî  evaluateConfigCompleteness ÔÇö nombre+mat+espec retorna yellow sin workplace
        ÔåÆ evaluateConfigCompleteness is not defined
  ÔØî  evaluateConfigCompleteness ÔÇö nombre+mat sin espec retorna yellow
        ÔåÆ evaluateConfigCompleteness is not defined

ÔöÇÔöÇ Bloque 44: validateBeforeDownload ÔöÇÔöÇÔöÇÔöÇÔöÇÔöÇÔöÇÔöÇÔöÇÔöÇÔöÇÔöÇÔöÇÔöÇÔöÇÔöÇÔöÇÔöÇÔöÇÔöÇÔöÇÔöÇÔöÇÔöÇ
  Ô£à  validateBeforeDownload ÔÇö formato txt siempre pasa
  ÔØî  validateBeforeDownload ÔÇö pdf con green pasa
        ÔåÆ window.evaluateConfigCompleteness is not a function
  ÔØî  validateBeforeDownload ÔÇö pdf con red no pasa
        ÔåÆ window.evaluateConfigCompleteness is not a function
  ÔØî  validateBeforeDownload ÔÇö pdf con yellow/red depende de config
        ÔåÆ window.evaluateConfigCompleteness is not a function

ÔöÇÔöÇ Bloque 45: isAdminUser ÔöÇÔöÇÔöÇÔöÇÔöÇÔöÇÔöÇÔöÇÔöÇÔöÇÔöÇÔöÇÔöÇÔöÇÔöÇÔöÇÔöÇÔöÇÔöÇÔöÇÔöÇÔöÇÔöÇÔöÇÔöÇÔöÇÔöÇÔöÇÔöÇÔöÇÔöÇÔöÇÔöÇÔöÇÔöÇ
  Ô£à  isAdminUser retorna true para ADMIN
  Ô£à  isAdminUser retorna false para NORMAL
  Ô£à  isAdminUser retorna falsy sin CLIENT_CONFIG

ÔöÇÔöÇ Bloque 46: extractPatientDataFromText (ext) ÔöÇÔöÇÔöÇÔöÇÔöÇÔöÇÔöÇÔöÇÔöÇÔöÇÔöÇÔöÇÔöÇÔöÇÔöÇ
  Ô£à  extractPatientDataFromText ÔÇö DNI con puntos
  Ô£à  extractPatientDataFromText ÔÇö texto vac├¡o retorna objeto vac├¡o
  Ô£à  extractPatientDataFromText ÔÇö sin datos de paciente

ÔöÇÔöÇ Bloque 47: pdfMaker ÔÇö header en todas las p├íginas ÔöÇÔöÇÔöÇÔöÇÔöÇÔöÇÔöÇÔöÇÔöÇ
  Ô£à  pdfMaker.js ensureSpace llama drawWorkplaceBanner()
  Ô£à  pdfMaker.js drawHeader resetea cy correctamente
  Ô£à  pdfMaker.js drawFooter soporta footerText

ÔöÇÔöÇ Bloque 48: Preview modal ÔÇö dropdown multi-formato ÔöÇÔöÇÔöÇÔöÇÔöÇÔöÇÔöÇÔöÇÔöÇ
  Ô£à  index.html modal-footer del preview tiene position:relative
  Ô£à  index.html dropdown del preview tiene z-index alto
  Ô£à  index.html dropdown tiene 4 formatos (pdf, rtf, txt, html)
  Ô£à  ui.js maneja click en btnDownloadPreviewMore
  Ô£à  ui.js formatos llaman window.downloadRTF/TXT/HTML

ÔöÇÔöÇ Bloque 49: autoDetectTemplateKey ÔÇö textos crudos ÔöÇÔöÇÔöÇÔöÇÔöÇÔöÇÔöÇÔöÇÔöÇ
  Ô£à  autoDetectTemplateKey detecta "espirometria" desde texto crudo
  Ô£à  autoDetectTemplateKey detecta "colonoscopia" desde texto crudo
  Ô£à  autoDetectTemplateKey detecta "ecografia_abdominal" desde texto crudo
  Ô£à  autoDetectTemplateKey detecta "gastroscopia" desde texto crudo
  Ô£à  autoDetectTemplateKey detecta "holter" desde texto crudo
  Ô£à  autoDetectTemplateKey detecta "cinecoro" desde texto crudo
  Ô£à  autoDetectTemplateKey detecta "mamografia" desde texto crudo
  Ô£à  autoDetectTemplateKey detecta "densitometria" desde texto crudo
  Ô£à  autoDetectTemplateKey detecta "laringoscopia" desde texto crudo
  Ô£à  autoDetectTemplateKey detecta "tac" desde texto crudo
  Ô£à  autoDetectTemplateKey detecta "ett" desde texto crudo
  Ô£à  autoDetectTemplateKey detecta "eco_doppler" desde texto crudo
  Ô£à  autoDetectTemplateKey detecta "nota_evolucion" desde texto crudo
  Ô£à  autoDetectTemplateKey detecta "epicrisis" desde texto crudo
  Ô£à  autoDetectTemplateKey detecta "resonancia" desde texto crudo
  Ô£à  autoDetectTemplateKey detecta "protocolo_quirurgico" desde texto crudo
  Ô£à  autoDetectTemplateKey retorna generico para texto ambiguo

ÔöÇÔöÇ Bloque 50: markdownToHtml ÔÇö renderizado realista ÔöÇÔöÇÔöÇÔöÇÔöÇÔöÇÔöÇÔöÇÔöÇ
  Ô£à  markdownToHtml convierte H1 + H2 + p├írrafo
  Ô£à  markdownToHtml convierte lista con bullets
  Ô£à  markdownToHtml reemplaza [No especificado] con campo editable
  Ô£à  markdownToHtml preserva negritas markdown **texto**
  Ô£à  markdownToHtml capitaliza primera letra de p├írrafo

ÔöÇÔöÇ Bloque 51: parseAIResponse ÔÇö respuestas realistas ÔöÇÔöÇÔöÇÔöÇÔöÇÔöÇÔöÇÔöÇ
  Ô£à  parseAIResponse extrae body HTML de ecograf├¡a
  Ô£à  parseAIResponse maneja nota "Nota:" al final

ÔöÇÔöÇ Bloque 52: templates coverage ÔöÇÔöÇÔöÇÔöÇÔöÇÔöÇÔöÇÔöÇÔöÇÔöÇÔöÇÔöÇÔöÇÔöÇÔöÇÔöÇÔöÇÔöÇÔöÇÔöÇÔöÇÔöÇÔöÇÔöÇÔöÇÔöÇÔöÇÔöÇ
  Ô£à  MEDICAL_TEMPLATES contiene 37 plantillas
  Ô£à  Todas las plantillas tienen name, prompt y keywords
  Ô£à  Prompts contienen regla de [No especificado]

ÔöÇÔöÇ Bloque 53: classifyStructError ÔöÇÔöÇÔöÇÔöÇÔöÇÔöÇÔöÇÔöÇÔöÇÔöÇÔöÇÔöÇÔöÇÔöÇÔöÇÔöÇÔöÇÔöÇÔöÇÔöÇÔöÇÔöÇÔöÇÔöÇÔöÇÔöÇÔöÇ
  Ô£à  classifyStructError ÔÇö 401 ÔåÆ auth
  Ô£à  classifyStructError ÔÇö 429 ÔåÆ rate_limit
  Ô£à  classifyStructError ÔÇö 503 ÔåÆ server_error + switch model
  Ô£à  classifyStructError ÔÇö TypeError ÔåÆ network
  Ô£à  classifyStructError ÔÇö error gen├®rico ÔåÆ unknown

ÔöÇÔöÇ Bloque 54: pending queue ÔöÇÔöÇÔöÇÔöÇÔöÇÔöÇÔöÇÔöÇÔöÇÔöÇÔöÇÔöÇÔöÇÔöÇÔöÇÔöÇÔöÇÔöÇÔöÇÔöÇÔöÇÔöÇÔöÇÔöÇÔöÇÔöÇÔöÇÔöÇÔöÇÔöÇÔöÇÔöÇÔöÇ
  Ô£à  addToStructurePendingQueue agrega entry
  Ô£à  pending queue m├íximo 10 entries
  Ô£à  removeFromStructurePendingQueue elimina entry

ÔöÇÔöÇÔöÇÔöÇÔöÇÔöÇÔöÇÔöÇÔöÇÔöÇÔöÇÔöÇÔöÇÔöÇÔöÇÔöÇÔöÇÔöÇÔöÇÔöÇÔöÇÔöÇÔöÇÔöÇÔöÇÔöÇÔöÇÔöÇÔöÇÔöÇÔöÇÔöÇÔöÇÔöÇÔöÇÔöÇÔöÇÔöÇÔöÇÔöÇÔöÇÔöÇÔöÇÔöÇÔöÇÔöÇÔöÇÔöÇÔöÇÔöÇÔöÇÔöÇÔöÇÔöÇÔöÇÔöÇÔöÇÔöÇÔöÇÔöÇÔöÇÔöÇÔöÇÔöÇÔöÇ
  Total: 287 | Ô£à Pasaron: 280 | ÔØî Fallaron: 7
ÔöÇÔöÇÔöÇÔöÇÔöÇÔöÇÔöÇÔöÇÔöÇÔöÇÔöÇÔöÇÔöÇÔöÇÔöÇÔöÇÔöÇÔöÇÔöÇÔöÇÔöÇÔöÇÔöÇÔöÇÔöÇÔöÇÔöÇÔöÇÔöÇÔöÇÔöÇÔöÇÔöÇÔöÇÔöÇÔöÇÔöÇÔöÇÔöÇÔöÇÔöÇÔöÇÔöÇÔöÇÔöÇÔöÇÔöÇÔöÇÔöÇÔöÇÔöÇÔöÇÔöÇÔöÇÔöÇÔöÇÔöÇÔöÇÔöÇÔöÇÔöÇÔöÇÔöÇÔöÇÔöÇ

